AfterLogging Test: Testing the after_logging attribute
====================================================================================================
-Function foo---------------------------------------------------------------------------------------
[Entering]void foo()
FOO
-Function bar---------------------------------------------------------------------------------------
BAR
-Function foobar------------------------------------------------------------------------------------
[Entering]void foobar()
FOOBAR
-Function baz---------------------------------------------------------------------------------------
BAZ
-Function qux---------------------------------------------------------------------------------------
[Entering]void qux()
QUX
====================================================================================================
