NullptrCheck Test: Testing null pointer dereference handling
====================================================================================================
-With Null Check:-----------------------------------------------------------------------------------


Uncaught exception Null pointer dereference in function: int &operator *(int *) at line: 6.:
	at void with_null_check() in (main.cc:3)
	at int main() in (main.cc:16)

