ErrorCodeConverterAspect Tests: Testing various incorrect usages of standard library functions that set errno
====================================================================================================
-Test no. 1:----------------------------------------------------------------------------------------
Errno: 13
-Test no. 2:----------------------------------------------------------------------------------------
Errno: 2
-Test no. 3:----------------------------------------------------------------------------------------
Errno: 17
-Test no. 4:----------------------------------------------------------------------------------------
Errno: 12
-Test no. 5:----------------------------------------------------------------------------------------
Errno: 9
====================================================================================================


