NullptrCheck Test: Testing null pointer dereference handling
====================================================================================================
-None problematic additions-------------------------------------------------------------------------
A: 3036860, B: 6073720
-Binary Overflow------------------------------------------------------------------------------------
int overflowed in function: int operator +(int,int) at line: 22.
-Unary Increment Overflow---------------------------------------------------------------------------
int overflowed in function: int operator ++(int &,int) at line: 30.
-Unary Overflow-------------------------------------------------------------------------------------
int overflowed in function: int operator +(int) at line: 37.
====================================================================================================
