Hello World Test: This is a simple test to print 'Hello, World!'
====================================================================================================
-Testing Correct Length of Separator----------------------------------------------------------------
Hello, World!
-Checking the printing of small separators under the condition that the message is longer than the length of the separator.
====================================================================================================
