Singleton Test: Class A and B are singletons, C is not
====================================================================================================
-Instantiation of all classes twice-----------------------------------------------------------------
A created
B created-
C created
C created
-Value comparison-----------------------------------------------------------------------------------
a1.a: 1
a2.a: 1
b1.b: 2
b2.b: 2
c1.c: 3
c2.c: 4
====================================================================================================
C destroyed
C destroyed
B destroyed
A destroyed
