AfterLogging Test: Testing the after_logging attribute
====================================================================================================
-Function foo---------------------------------------------------------------------------------------
FOO
-Function bar---------------------------------------------------------------------------------------
BAR
[Leaving]void bar()
-Function foobar------------------------------------------------------------------------------------
FOOBAR
-Function baz---------------------------------------------------------------------------------------
[Entering]void baz()
BAZ
-Function qux---------------------------------------------------------------------------------------
[Entering]void qux()
QUX
[Leaving]void qux()
====================================================================================================
