AfterLogging Test: Testing the after_logging attribute
====================================================================================================
-Function foo---------------------------------------------------------------------------------------
FOO
-Function bar---------------------------------------------------------------------------------------
BAR
[Leaving]void bar()
-Function foobar------------------------------------------------------------------------------------
FOOBAR
-Function baz---------------------------------------------------------------------------------------
BAZ
[Leaving]void baz()
-Function qux---------------------------------------------------------------------------------------
QUX
[Leaving]void qux()
====================================================================================================
